10:20:54 **** Auto Build of configuration Debug for project pwm_led ****
make pre-build main-build 
a9-linaro-pre-build-step
' '
'Building file: ../src/main.c'
'Invoking: ARM v7 gcc compiler'
arm-none-eabi-gcc -Wall -O0 -g3 -c -fmessage-length=0 -MT"src/main.o" -mcpu=cortex-a9 -mfpu=vfpv3 -mfloat-abi=hard -I../../pwm_led_bsp/ps7_cortexa9_0/include -MMD -MP -MF"src/main.d" -MT"src/main.o" -o "src/main.o" "../src/main.c"
'Finished building: ../src/main.c'
' '
'Building target: pwm_led.elf'
'Invoking: ARM v7 gcc linker'
arm-none-eabi-gcc -mcpu=cortex-a9 -mfpu=vfpv3 -mfloat-abi=hard -Wl,-build-id=none -specs=Xilinx.spec -Wl,-T -Wl,../src/lscript.ld -L../../pwm_led_bsp/ps7_cortexa9_0/lib -o "pwm_led.elf"  ./src/main.o   -Wl,--start-group,-lxil,-lgcc,-lc,--end-group
'Finished building target: pwm_led.elf'
' '
'Invoking: ARM v7 Print Size'
arm-none-eabi-size pwm_led.elf  |tee "pwm_led.elf.size"
   text	   data	    bss	    dec	    hex	filename
  18712	   1144	  22568	  42424	   a5b8	pwm_led.elf
'Finished building: pwm_led.elf.size'
' '

10:20:54 Build Finished (took 680ms)

